| com.example/BookRepository#getEntityManager(). | javax.persistence.EntityManager | pending |
| javax.annotation | namespace | relocated |
| javax.annotation.CheckForSigned | jsr305 | excluded |
| javax.annotation.Detainted | jsr305 | excluded |
| javax.annotation.Nullable | com.example/NullableUsage#maybeNull(). | jsr305_excluded |
| javax.annotation.Nullable | jsr305 | excluded |
| javax.annotation.PostConstruct | jsr250 | pending |
| javax.annotation.Resource | jsr250 | pending |
| javax.annotation.WillCloseWhenClosed | jsr305 | excluded |
| javax.annotation.concurrent | namespace | retained |
| javax.annotation.meta | namespace | retained |
| javax.annotation.processing | namespace | retained |
| javax.annotation.security | namespace | relocated |
| javax.annotation.sql | namespace | relocated |
| javax.cache | namespace | relocated |
| javax.cache.CacheManager | namespace | relocated |
| javax.crypto | namespace | retained |
| javax.decorator | namespace | relocated |
| javax.ejb | namespace | relocated |
| javax.jsp | namespace | relocated |
| javax.jws | namespace | relocated |
| javax.security.auth | namespace | retained |
| javax.security.auth.message | namespace | relocated |
| javax.security.jacc | namespace | relocated |
| javax.sql | namespace | retained |
| javax.transaction | namespace | relocated |
| javax.transaction.UserTransaction | namespace | relocated |
| javax.transaction.xa | namespace | retained |
| javax.transaction.xa.XAResource | namespace | retained |
