| org.springframework.web.bind.annotation.ControllerAdvice | com.example/GlobalErrorHandler# | false |
| org.springframework.web.bind.annotation.DeleteMapping | com.example/TestController#deleteBook(). | false |
| org.springframework.web.bind.annotation.ExceptionHandler | com.example/GlobalErrorHandler#handle(). | false |
| org.springframework.web.bind.annotation.GetMapping | com.example/TestController#getBook(). | false |
| org.springframework.web.bind.annotation.PatchMapping | com.example/TestController#patchBook(). | false |
| org.springframework.web.bind.annotation.PathVariable | com.example/TestController#deleteBook().(id) | false |
| org.springframework.web.bind.annotation.PathVariable | com.example/TestController#getBook().(id) | false |
| org.springframework.web.bind.annotation.PathVariable | com.example/TestController#patchBook().(id) | false |
| org.springframework.web.bind.annotation.PathVariable | com.example/TestController#updateBook().(id) | false |
| org.springframework.web.bind.annotation.PostMapping | com.example/TestController#createBook(). | false |
| org.springframework.web.bind.annotation.PutMapping | com.example/TestController#updateBook(). | false |
| org.springframework.web.bind.annotation.RequestBody | com.example/TestController#createBook().(body) | false |
| org.springframework.web.bind.annotation.RequestMapping | com.example/TestController# | false |
| org.springframework.web.bind.annotation.RequestMapping | org.springframework.web.bind.annotation/DeleteMapping# | false |
| org.springframework.web.bind.annotation.RequestMapping | org.springframework.web.bind.annotation/GetMapping# | false |
| org.springframework.web.bind.annotation.RequestMapping | org.springframework.web.bind.annotation/PatchMapping# | false |
| org.springframework.web.bind.annotation.RequestMapping | org.springframework.web.bind.annotation/PostMapping# | false |
| org.springframework.web.bind.annotation.RequestMapping | org.springframework.web.bind.annotation/PutMapping# | false |
| org.springframework.web.bind.annotation.RequestParam | com.example/TestController#getBook().(q) | false |
| org.springframework.web.bind.annotation.ResponseStatus | com.example/CustomException# | false |
| org.springframework.web.bind.annotation.ResponseStatus | com.example/GlobalErrorHandler#handle(). | false |
| org.springframework.web.bind.annotation.RestController | com.example/TestController# | true |
