| stubs/com/example/AnnotatedSanity.java | 0 | 0 |
| stubs/com/example/AppConfig.java | 0 | 0 |
| stubs/com/example/AppConfig.java | 3 | 3 |
| stubs/com/example/AppConfig.java | 4 | 4 |
| stubs/com/example/AppConfig.java | 5 | 5 |
| stubs/com/example/AppConfig.java | 6 | 6 |
| stubs/com/example/AppConfig.java | 7 | 7 |
| stubs/com/example/AppConfig.java | 12 | 12 |
| stubs/com/example/Application.java | 0 | 0 |
| stubs/com/example/Application.java | 3 | 3 |
| stubs/com/example/ApplicationTest.java | 0 | 0 |
| stubs/com/example/ApplicationTest.java | 3 | 3 |
| stubs/com/example/ApplicationTest.java | 4 | 4 |
| stubs/com/example/Book.java | 0 | 0 |
| stubs/com/example/Book.java | 3 | 3 |
| stubs/com/example/Book.java | 4 | 4 |
| stubs/com/example/Book.java | 5 | 5 |
| stubs/com/example/Book.java | 6 | 6 |
| stubs/com/example/Book.java | 7 | 7 |
| stubs/com/example/Book.java | 8 | 8 |
| stubs/com/example/Book.java | 9 | 9 |
| stubs/com/example/Book.java | 10 | 10 |
| stubs/com/example/Book.java | 11 | 11 |
| stubs/com/example/BookRepository.java | 0 | 0 |
| stubs/com/example/BookRepository.java | 3 | 3 |
| stubs/com/example/BookRepository.java | 4 | 4 |
| stubs/com/example/BookRepository.java | 5 | 5 |
| stubs/com/example/BookRepository.java | 6 | 6 |
| stubs/com/example/BookRepository.java | 7 | 7 |
| stubs/com/example/BookRepository.java | 8 | 8 |
| stubs/com/example/BookRepository.java | 9 | 9 |
| stubs/com/example/BookService.java | 0 | 0 |
| stubs/com/example/BookService.java | 3 | 3 |
| stubs/com/example/BookService.java | 4 | 4 |
| stubs/com/example/BookService.java | 7 | 7 |
| stubs/com/example/CustomException.java | 0 | 0 |
| stubs/com/example/CustomException.java | 3 | 3 |
| stubs/com/example/CustomException.java | 4 | 4 |
| stubs/com/example/GlobalErrorHandler.java | 0 | 0 |
| stubs/com/example/GlobalErrorHandler.java | 3 | 3 |
| stubs/com/example/GlobalErrorHandler.java | 4 | 4 |
| stubs/com/example/GlobalErrorHandler.java | 5 | 5 |
| stubs/com/example/GlobalErrorHandler.java | 6 | 6 |
| stubs/com/example/HibernateBook.java | 0 | 0 |
| stubs/com/example/HibernateBook.java | 3 | 3 |
| stubs/com/example/HibernateBook.java | 4 | 4 |
| stubs/com/example/HibernateBook.java | 5 | 5 |
| stubs/com/example/HibernateBook.java | 6 | 6 |
| stubs/com/example/HibernateBook.java | 7 | 7 |
| stubs/com/example/HibernateBook.java | 8 | 8 |
| stubs/com/example/HibernateBook.java | 9 | 9 |
| stubs/com/example/HibernateBook.java | 10 | 10 |
| stubs/com/example/JakartaEntity.java | 0 | 0 |
| stubs/com/example/JakartaEntity.java | 3 | 3 |
| stubs/com/example/JakartaEntity.java | 4 | 4 |
| stubs/com/example/JavaxEntity.java | 0 | 0 |
| stubs/com/example/JavaxEntity.java | 3 | 3 |
| stubs/com/example/JavaxEntity.java | 4 | 4 |
| stubs/com/example/JavaxEntity.java | 5 | 5 |
| stubs/com/example/JavaxEntity.java | 6 | 6 |
| stubs/com/example/MessagingService.java | 0 | 0 |
| stubs/com/example/MessagingService.java | 3 | 3 |
| stubs/com/example/MessagingService.java | 4 | 4 |
| stubs/com/example/MessagingService.java | 5 | 5 |
| stubs/com/example/MessagingService.java | 6 | 6 |
| stubs/com/example/MessagingService.java | 7 | 7 |
| stubs/com/example/MessagingService.java | 8 | 8 |
| stubs/com/example/MessagingService.java | 9 | 9 |
| stubs/com/example/MessagingService.java | 10 | 10 |
| stubs/com/example/MessagingService.java | 11 | 11 |
| stubs/com/example/MessagingService.java | 12 | 12 |
| stubs/com/example/MessagingService.java | 13 | 13 |
| stubs/com/example/MessagingService.java | 14 | 14 |
| stubs/com/example/MessagingService.java | 15 | 15 |
| stubs/com/example/MessagingService.java | 16 | 16 |
| stubs/com/example/NullableUsage.java | 0 | 0 |
| stubs/com/example/NullableUsage.java | 3 | 3 |
| stubs/com/example/ObservabilityService.java | 0 | 0 |
| stubs/com/example/ObservabilityService.java | 3 | 3 |
| stubs/com/example/ObservabilityService.java | 4 | 4 |
| stubs/com/example/OpenApiBook.java | 0 | 0 |
| stubs/com/example/OpenApiBook.java | 3 | 3 |
| stubs/com/example/OpenApiBook.java | 4 | 4 |
| stubs/com/example/OpenApiBook.java | 5 | 5 |
| stubs/com/example/OpenApiBook.java | 6 | 6 |
| stubs/com/example/OpenApiBook.java | 7 | 7 |
| stubs/com/example/OutboundClient.java | 0 | 0 |
| stubs/com/example/OutboundClient.java | 3 | 3 |
| stubs/com/example/OutboundClient.java | 4 | 4 |
| stubs/com/example/OutboundClient.java | 5 | 5 |
| stubs/com/example/OutboundClient.java | 6 | 6 |
| stubs/com/example/OutboundClient.java | 7 | 7 |
| stubs/com/example/OutboundClient.java | 8 | 8 |
| stubs/com/example/OutboundClient.java | 9 | 9 |
| stubs/com/example/OutboundClient.java | 10 | 10 |
| stubs/com/example/OutboundClient.java | 11 | 11 |
| stubs/com/example/OutboundClient.java | 12 | 12 |
| stubs/com/example/OutboundClient.java | 13 | 13 |
| stubs/com/example/PersistenceService.java | 0 | 0 |
| stubs/com/example/PersistenceService.java | 3 | 3 |
| stubs/com/example/PersistenceService.java | 4 | 4 |
| stubs/com/example/PersistenceService.java | 5 | 5 |
| stubs/com/example/PersistenceService.java | 6 | 6 |
| stubs/com/example/PersistenceService.java | 7 | 7 |
| stubs/com/example/PersistenceService.java | 8 | 8 |
| stubs/com/example/SanityAnnotation.java | 0 | 0 |
| stubs/com/example/SanityAnnotation.java | 3 | 3 |
| stubs/com/example/SanityAnnotation.java | 4 | 4 |
| stubs/com/example/SecurityConfig.java | 0 | 0 |
| stubs/com/example/SecurityConfig.java | 3 | 3 |
| stubs/com/example/SecurityConfig.java | 4 | 4 |
| stubs/com/example/TestController.java | 0 | 0 |
| stubs/com/example/TestController.java | 3 | 3 |
| stubs/com/example/TestController.java | 4 | 4 |
| stubs/com/example/TestController.java | 5 | 5 |
| stubs/com/example/TestController.java | 6 | 6 |
| stubs/com/example/TestController.java | 7 | 7 |
| stubs/com/example/TestController.java | 8 | 8 |
| stubs/com/example/TestController.java | 9 | 9 |
| stubs/com/example/TestController.java | 10 | 10 |
| stubs/com/example/TestController.java | 11 | 11 |
| stubs/com/example/TestController.java | 12 | 12 |
| stubs/com/example/TypeSanity.java | 0 | 0 |
| stubs/com/vladmihalcea/hibernate/type/json/JsonBinaryType.java | 0 | 0 |
| stubs/io/awspring/cloud/sqs/annotation/SqsListener.java | 0 | 0 |
| stubs/io/awspring/cloud/sqs/annotation/SqsListener.java | 3 | 3 |
| stubs/io/awspring/cloud/sqs/annotation/SqsListener.java | 4 | 4 |
| stubs/io/awspring/cloud/sqs/annotation/SqsListener.java | 5 | 5 |
| stubs/io/awspring/cloud/sqs/annotation/SqsListener.java | 6 | 6 |
| stubs/io/awspring/cloud/sqs/operations/SqsTemplate.java | 0 | 0 |
| stubs/io/micrometer/core/annotation/Timed.java | 0 | 0 |
| stubs/io/micrometer/core/annotation/Timed.java | 3 | 3 |
| stubs/io/micrometer/core/annotation/Timed.java | 4 | 4 |
| stubs/io/micrometer/core/annotation/Timed.java | 5 | 5 |
| stubs/io/micrometer/core/annotation/Timed.java | 6 | 6 |
| stubs/io/micrometer/core/instrument/MeterRegistry.java | 0 | 0 |
| stubs/io/swagger/annotations/Api.java | 0 | 0 |
| stubs/io/swagger/annotations/Api.java | 3 | 3 |
| stubs/io/swagger/annotations/Api.java | 4 | 4 |
| stubs/io/swagger/annotations/Api.java | 5 | 5 |
| stubs/io/swagger/annotations/Api.java | 6 | 6 |
| stubs/io/swagger/annotations/ApiOperation.java | 0 | 0 |
| stubs/io/swagger/annotations/ApiOperation.java | 3 | 3 |
| stubs/io/swagger/annotations/ApiOperation.java | 4 | 4 |
| stubs/io/swagger/annotations/ApiOperation.java | 5 | 5 |
| stubs/io/swagger/annotations/ApiOperation.java | 6 | 6 |
| stubs/io/swagger/v3/oas/annotations/Operation.java | 0 | 0 |
| stubs/io/swagger/v3/oas/annotations/Operation.java | 3 | 3 |
| stubs/io/swagger/v3/oas/annotations/Operation.java | 4 | 4 |
| stubs/io/swagger/v3/oas/annotations/Operation.java | 5 | 5 |
| stubs/io/swagger/v3/oas/annotations/Operation.java | 6 | 6 |
| stubs/io/swagger/v3/oas/annotations/responses/ApiResponse.java | 0 | 0 |
| stubs/io/swagger/v3/oas/annotations/responses/ApiResponse.java | 3 | 3 |
| stubs/io/swagger/v3/oas/annotations/responses/ApiResponse.java | 4 | 4 |
| stubs/io/swagger/v3/oas/annotations/responses/ApiResponse.java | 5 | 5 |
| stubs/io/swagger/v3/oas/annotations/responses/ApiResponse.java | 6 | 6 |
| stubs/io/swagger/v3/oas/annotations/tags/Tag.java | 0 | 0 |
| stubs/io/swagger/v3/oas/annotations/tags/Tag.java | 3 | 3 |
| stubs/io/swagger/v3/oas/annotations/tags/Tag.java | 4 | 4 |
| stubs/io/swagger/v3/oas/annotations/tags/Tag.java | 5 | 5 |
| stubs/io/swagger/v3/oas/annotations/tags/Tag.java | 6 | 6 |
| stubs/jakarta/persistence/Entity.java | 0 | 0 |
| stubs/jakarta/persistence/Entity.java | 3 | 3 |
| stubs/jakarta/persistence/Entity.java | 4 | 4 |
| stubs/jakarta/persistence/Entity.java | 5 | 5 |
| stubs/jakarta/persistence/Entity.java | 6 | 6 |
| stubs/jakarta/persistence/EntityManager.java | 0 | 0 |
| stubs/jakarta/persistence/Table.java | 0 | 0 |
| stubs/jakarta/persistence/Table.java | 3 | 3 |
| stubs/jakarta/persistence/Table.java | 4 | 4 |
| stubs/jakarta/persistence/Table.java | 5 | 5 |
| stubs/jakarta/persistence/Table.java | 6 | 6 |
| stubs/javax/annotation/Nullable.java | 0 | 0 |
| stubs/javax/annotation/Nullable.java | 3 | 3 |
| stubs/javax/annotation/Nullable.java | 4 | 4 |
| stubs/javax/annotation/Nullable.java | 5 | 5 |
| stubs/javax/annotation/Nullable.java | 6 | 6 |
| stubs/javax/persistence/Column.java | 0 | 0 |
| stubs/javax/persistence/Column.java | 3 | 3 |
| stubs/javax/persistence/Column.java | 4 | 4 |
| stubs/javax/persistence/Column.java | 5 | 5 |
| stubs/javax/persistence/Column.java | 6 | 6 |
| stubs/javax/persistence/Entity.java | 0 | 0 |
| stubs/javax/persistence/Entity.java | 3 | 3 |
| stubs/javax/persistence/Entity.java | 4 | 4 |
| stubs/javax/persistence/Entity.java | 5 | 5 |
| stubs/javax/persistence/Entity.java | 6 | 6 |
| stubs/javax/persistence/EntityManager.java | 0 | 0 |
| stubs/javax/persistence/GeneratedValue.java | 0 | 0 |
| stubs/javax/persistence/GeneratedValue.java | 3 | 3 |
| stubs/javax/persistence/GeneratedValue.java | 4 | 4 |
| stubs/javax/persistence/GeneratedValue.java | 5 | 5 |
| stubs/javax/persistence/GeneratedValue.java | 6 | 6 |
| stubs/javax/persistence/GenerationType.java | 0 | 0 |
| stubs/javax/persistence/Id.java | 0 | 0 |
| stubs/javax/persistence/Id.java | 3 | 3 |
| stubs/javax/persistence/Id.java | 4 | 4 |
| stubs/javax/persistence/Id.java | 5 | 5 |
| stubs/javax/persistence/Id.java | 6 | 6 |
| stubs/javax/persistence/JoinColumn.java | 0 | 0 |
| stubs/javax/persistence/JoinColumn.java | 3 | 3 |
| stubs/javax/persistence/JoinColumn.java | 4 | 4 |
| stubs/javax/persistence/JoinColumn.java | 5 | 5 |
| stubs/javax/persistence/JoinColumn.java | 6 | 6 |
| stubs/javax/persistence/ManyToOne.java | 0 | 0 |
| stubs/javax/persistence/ManyToOne.java | 3 | 3 |
| stubs/javax/persistence/ManyToOne.java | 4 | 4 |
| stubs/javax/persistence/ManyToOne.java | 5 | 5 |
| stubs/javax/persistence/ManyToOne.java | 6 | 6 |
| stubs/javax/persistence/NamedNativeQuery.java | 0 | 0 |
| stubs/javax/persistence/NamedNativeQuery.java | 3 | 3 |
| stubs/javax/persistence/NamedNativeQuery.java | 4 | 4 |
| stubs/javax/persistence/NamedNativeQuery.java | 5 | 5 |
| stubs/javax/persistence/NamedNativeQuery.java | 6 | 6 |
| stubs/javax/persistence/NamedQuery.java | 0 | 0 |
| stubs/javax/persistence/NamedQuery.java | 3 | 3 |
| stubs/javax/persistence/NamedQuery.java | 4 | 4 |
| stubs/javax/persistence/NamedQuery.java | 5 | 5 |
| stubs/javax/persistence/NamedQuery.java | 6 | 6 |
| stubs/javax/persistence/OneToMany.java | 0 | 0 |
| stubs/javax/persistence/OneToMany.java | 3 | 3 |
| stubs/javax/persistence/OneToMany.java | 4 | 4 |
| stubs/javax/persistence/OneToMany.java | 5 | 5 |
| stubs/javax/persistence/OneToMany.java | 6 | 6 |
| stubs/javax/persistence/Query.java | 0 | 0 |
| stubs/javax/persistence/SqlResultSetMapping.java | 0 | 0 |
| stubs/javax/persistence/SqlResultSetMapping.java | 3 | 3 |
| stubs/javax/persistence/SqlResultSetMapping.java | 4 | 4 |
| stubs/javax/persistence/SqlResultSetMapping.java | 5 | 5 |
| stubs/javax/persistence/SqlResultSetMapping.java | 6 | 6 |
| stubs/javax/persistence/Table.java | 0 | 0 |
| stubs/javax/persistence/Table.java | 3 | 3 |
| stubs/javax/persistence/Table.java | 4 | 4 |
| stubs/javax/persistence/Table.java | 5 | 5 |
| stubs/javax/persistence/Table.java | 6 | 6 |
| stubs/javax/servlet/http/HttpServletResponse.java | 0 | 0 |
| stubs/javax/validation/constraints/NotNull.java | 0 | 0 |
| stubs/javax/validation/constraints/NotNull.java | 3 | 3 |
| stubs/javax/validation/constraints/NotNull.java | 4 | 4 |
| stubs/javax/validation/constraints/NotNull.java | 5 | 5 |
| stubs/javax/validation/constraints/NotNull.java | 6 | 6 |
| stubs/okhttp3/OkHttpClient.java | 0 | 0 |
| stubs/org/hibernate/annotations/Fetch.java | 0 | 0 |
| stubs/org/hibernate/annotations/Fetch.java | 3 | 3 |
| stubs/org/hibernate/annotations/Fetch.java | 4 | 4 |
| stubs/org/hibernate/annotations/Fetch.java | 5 | 5 |
| stubs/org/hibernate/annotations/Fetch.java | 6 | 6 |
| stubs/org/hibernate/annotations/GenericGenerator.java | 0 | 0 |
| stubs/org/hibernate/annotations/GenericGenerator.java | 3 | 3 |
| stubs/org/hibernate/annotations/GenericGenerator.java | 4 | 4 |
| stubs/org/hibernate/annotations/GenericGenerator.java | 5 | 5 |
| stubs/org/hibernate/annotations/GenericGenerator.java | 6 | 6 |
| stubs/org/hibernate/annotations/Type.java | 0 | 0 |
| stubs/org/hibernate/annotations/Type.java | 3 | 3 |
| stubs/org/hibernate/annotations/Type.java | 4 | 4 |
| stubs/org/hibernate/annotations/Type.java | 5 | 5 |
| stubs/org/hibernate/annotations/Type.java | 6 | 6 |
| stubs/org/hibernate/annotations/TypeDef.java | 0 | 0 |
| stubs/org/hibernate/annotations/TypeDef.java | 3 | 3 |
| stubs/org/hibernate/annotations/TypeDef.java | 4 | 4 |
| stubs/org/hibernate/annotations/TypeDef.java | 5 | 5 |
| stubs/org/hibernate/annotations/TypeDef.java | 6 | 6 |
| stubs/org/hibernate/annotations/Where.java | 0 | 0 |
| stubs/org/hibernate/annotations/Where.java | 3 | 3 |
| stubs/org/hibernate/annotations/Where.java | 4 | 4 |
| stubs/org/hibernate/annotations/Where.java | 5 | 5 |
| stubs/org/hibernate/annotations/Where.java | 6 | 6 |
| stubs/org/junit/jupiter/api/Test.java | 0 | 0 |
| stubs/org/junit/jupiter/api/Test.java | 3 | 3 |
| stubs/org/junit/jupiter/api/Test.java | 4 | 4 |
| stubs/org/junit/jupiter/api/Test.java | 5 | 5 |
| stubs/org/junit/jupiter/api/Test.java | 6 | 6 |
| stubs/org/springframework/amqp/core/AmqpTemplate.java | 0 | 0 |
| stubs/org/springframework/amqp/rabbit/annotation/RabbitListener.java | 0 | 0 |
| stubs/org/springframework/amqp/rabbit/annotation/RabbitListener.java | 3 | 3 |
| stubs/org/springframework/amqp/rabbit/annotation/RabbitListener.java | 4 | 4 |
| stubs/org/springframework/amqp/rabbit/annotation/RabbitListener.java | 5 | 5 |
| stubs/org/springframework/amqp/rabbit/annotation/RabbitListener.java | 6 | 6 |
| stubs/org/springframework/amqp/rabbit/core/RabbitTemplate.java | 0 | 0 |
| stubs/org/springframework/amqp/rabbit/core/RabbitTemplate.java | 3 | 3 |
| stubs/org/springframework/beans/factory/annotation/Autowired.java | 0 | 0 |
| stubs/org/springframework/beans/factory/annotation/Autowired.java | 3 | 3 |
| stubs/org/springframework/beans/factory/annotation/Autowired.java | 4 | 4 |
| stubs/org/springframework/beans/factory/annotation/Autowired.java | 5 | 5 |
| stubs/org/springframework/beans/factory/annotation/Autowired.java | 6 | 6 |
| stubs/org/springframework/beans/factory/annotation/Value.java | 0 | 0 |
| stubs/org/springframework/beans/factory/annotation/Value.java | 3 | 3 |
| stubs/org/springframework/beans/factory/annotation/Value.java | 4 | 4 |
| stubs/org/springframework/beans/factory/annotation/Value.java | 5 | 5 |
| stubs/org/springframework/beans/factory/annotation/Value.java | 6 | 6 |
| stubs/org/springframework/boot/autoconfigure/SpringBootApplication.java | 0 | 0 |
| stubs/org/springframework/boot/autoconfigure/SpringBootApplication.java | 3 | 3 |
| stubs/org/springframework/boot/autoconfigure/SpringBootApplication.java | 4 | 4 |
| stubs/org/springframework/boot/autoconfigure/SpringBootApplication.java | 5 | 5 |
| stubs/org/springframework/boot/autoconfigure/SpringBootApplication.java | 6 | 6 |
| stubs/org/springframework/boot/autoconfigure/SpringBootApplication.java | 7 | 7 |
| stubs/org/springframework/boot/autoconfigure/SpringBootApplication.java | 12 | 12 |
| stubs/org/springframework/boot/context/properties/ConfigurationProperties.java | 0 | 0 |
| stubs/org/springframework/boot/context/properties/ConfigurationProperties.java | 3 | 3 |
| stubs/org/springframework/boot/context/properties/ConfigurationProperties.java | 4 | 4 |
| stubs/org/springframework/boot/context/properties/ConfigurationProperties.java | 5 | 5 |
| stubs/org/springframework/boot/context/properties/ConfigurationProperties.java | 6 | 6 |
| stubs/org/springframework/boot/test/context/SpringBootTest.java | 0 | 0 |
| stubs/org/springframework/boot/test/context/SpringBootTest.java | 3 | 3 |
| stubs/org/springframework/boot/test/context/SpringBootTest.java | 4 | 4 |
| stubs/org/springframework/boot/test/context/SpringBootTest.java | 5 | 5 |
| stubs/org/springframework/boot/test/context/SpringBootTest.java | 6 | 6 |
| stubs/org/springframework/boot/web/client/RestTemplateBuilder.java | 0 | 0 |
| stubs/org/springframework/cloud/openfeign/FeignClient.java | 0 | 0 |
| stubs/org/springframework/cloud/openfeign/FeignClient.java | 3 | 3 |
| stubs/org/springframework/cloud/openfeign/FeignClient.java | 4 | 4 |
| stubs/org/springframework/cloud/openfeign/FeignClient.java | 5 | 5 |
| stubs/org/springframework/cloud/openfeign/FeignClient.java | 6 | 6 |
| stubs/org/springframework/cloud/stream/function/StreamBridge.java | 0 | 0 |
| stubs/org/springframework/context/annotation/ComponentScan.java | 0 | 0 |
| stubs/org/springframework/context/annotation/ComponentScan.java | 3 | 3 |
| stubs/org/springframework/context/annotation/ComponentScan.java | 4 | 4 |
| stubs/org/springframework/context/annotation/ComponentScan.java | 5 | 5 |
| stubs/org/springframework/context/annotation/ComponentScan.java | 6 | 6 |
| stubs/org/springframework/context/annotation/Configuration.java | 0 | 0 |
| stubs/org/springframework/context/annotation/Configuration.java | 3 | 3 |
| stubs/org/springframework/context/annotation/Configuration.java | 4 | 4 |
| stubs/org/springframework/context/annotation/Configuration.java | 5 | 5 |
| stubs/org/springframework/context/annotation/Configuration.java | 6 | 6 |
| stubs/org/springframework/context/annotation/PropertySource.java | 0 | 0 |
| stubs/org/springframework/context/annotation/PropertySource.java | 3 | 3 |
| stubs/org/springframework/context/annotation/PropertySource.java | 4 | 4 |
| stubs/org/springframework/context/annotation/PropertySource.java | 5 | 5 |
| stubs/org/springframework/context/annotation/PropertySource.java | 6 | 6 |
| stubs/org/springframework/data/jpa/repository/JpaRepository.java | 0 | 0 |
| stubs/org/springframework/data/jpa/repository/JpaRepository.java | 3 | 3 |
| stubs/org/springframework/data/jpa/repository/NamedQueries.java | 0 | 0 |
| stubs/org/springframework/data/jpa/repository/NamedQueries.java | 3 | 3 |
| stubs/org/springframework/data/jpa/repository/NamedQueries.java | 4 | 4 |
| stubs/org/springframework/data/jpa/repository/NamedQueries.java | 5 | 5 |
| stubs/org/springframework/data/jpa/repository/NamedQueries.java | 6 | 6 |
| stubs/org/springframework/data/jpa/repository/NativeQueries.java | 0 | 0 |
| stubs/org/springframework/data/jpa/repository/NativeQueries.java | 3 | 3 |
| stubs/org/springframework/data/jpa/repository/NativeQueries.java | 4 | 4 |
| stubs/org/springframework/data/jpa/repository/NativeQueries.java | 5 | 5 |
| stubs/org/springframework/data/jpa/repository/NativeQueries.java | 6 | 6 |
| stubs/org/springframework/data/jpa/repository/NativeQuery.java | 0 | 0 |
| stubs/org/springframework/data/jpa/repository/NativeQuery.java | 3 | 3 |
| stubs/org/springframework/data/jpa/repository/NativeQuery.java | 4 | 4 |
| stubs/org/springframework/data/jpa/repository/NativeQuery.java | 5 | 5 |
| stubs/org/springframework/data/jpa/repository/NativeQuery.java | 6 | 6 |
| stubs/org/springframework/data/jpa/repository/Query.java | 0 | 0 |
| stubs/org/springframework/data/jpa/repository/Query.java | 3 | 3 |
| stubs/org/springframework/data/jpa/repository/Query.java | 4 | 4 |
| stubs/org/springframework/data/jpa/repository/Query.java | 5 | 5 |
| stubs/org/springframework/data/jpa/repository/Query.java | 6 | 6 |
| stubs/org/springframework/data/repository/CrudRepository.java | 0 | 0 |
| stubs/org/springframework/data/repository/PagingAndSortingRepository.java | 0 | 0 |
| stubs/org/springframework/data/repository/Repository.java | 0 | 0 |
| stubs/org/springframework/http/HttpStatus.java | 0 | 0 |
| stubs/org/springframework/jdbc/core/JdbcOperations.java | 0 | 0 |
| stubs/org/springframework/jdbc/core/JdbcTemplate.java | 0 | 0 |
| stubs/org/springframework/jdbc/core/namedparam/NamedParameterJdbcOperations.java | 0 | 0 |
| stubs/org/springframework/jdbc/core/namedparam/NamedParameterJdbcTemplate.java | 0 | 0 |
| stubs/org/springframework/jdbc/core/namedparam/NamedParameterJdbcTemplate.java | 3 | 3 |
| stubs/org/springframework/jms/annotation/JmsListener.java | 0 | 0 |
| stubs/org/springframework/jms/annotation/JmsListener.java | 3 | 3 |
| stubs/org/springframework/jms/annotation/JmsListener.java | 4 | 4 |
| stubs/org/springframework/jms/annotation/JmsListener.java | 5 | 5 |
| stubs/org/springframework/jms/annotation/JmsListener.java | 6 | 6 |
| stubs/org/springframework/jms/core/JmsOperations.java | 0 | 0 |
| stubs/org/springframework/kafka/annotation/KafkaListener.java | 0 | 0 |
| stubs/org/springframework/kafka/annotation/KafkaListener.java | 3 | 3 |
| stubs/org/springframework/kafka/annotation/KafkaListener.java | 4 | 4 |
| stubs/org/springframework/kafka/annotation/KafkaListener.java | 5 | 5 |
| stubs/org/springframework/kafka/annotation/KafkaListener.java | 6 | 6 |
| stubs/org/springframework/kafka/core/KafkaOperations.java | 0 | 0 |
| stubs/org/springframework/kafka/core/KafkaTemplate.java | 0 | 0 |
| stubs/org/springframework/messaging/simp/SimpMessagingTemplate.java | 0 | 0 |
| stubs/org/springframework/pulsar/annotation/PulsarListener.java | 0 | 0 |
| stubs/org/springframework/pulsar/annotation/PulsarListener.java | 3 | 3 |
| stubs/org/springframework/pulsar/annotation/PulsarListener.java | 4 | 4 |
| stubs/org/springframework/pulsar/annotation/PulsarListener.java | 5 | 5 |
| stubs/org/springframework/pulsar/annotation/PulsarListener.java | 6 | 6 |
| stubs/org/springframework/pulsar/core/PulsarTemplate.java | 0 | 0 |
| stubs/org/springframework/security/access/prepost/PreAuthorize.java | 0 | 0 |
| stubs/org/springframework/security/access/prepost/PreAuthorize.java | 3 | 3 |
| stubs/org/springframework/security/access/prepost/PreAuthorize.java | 4 | 4 |
| stubs/org/springframework/security/access/prepost/PreAuthorize.java | 5 | 5 |
| stubs/org/springframework/security/access/prepost/PreAuthorize.java | 6 | 6 |
| stubs/org/springframework/security/config/annotation/web/configuration/EnableWebSecurity.java | 0 | 0 |
| stubs/org/springframework/security/config/annotation/web/configuration/EnableWebSecurity.java | 3 | 3 |
| stubs/org/springframework/security/config/annotation/web/configuration/EnableWebSecurity.java | 4 | 4 |
| stubs/org/springframework/security/config/annotation/web/configuration/EnableWebSecurity.java | 5 | 5 |
| stubs/org/springframework/security/config/annotation/web/configuration/EnableWebSecurity.java | 6 | 6 |
| stubs/org/springframework/security/web/SecurityFilterChain.java | 0 | 0 |
| stubs/org/springframework/stereotype/Component.java | 0 | 0 |
| stubs/org/springframework/stereotype/Component.java | 3 | 3 |
| stubs/org/springframework/stereotype/Component.java | 4 | 4 |
| stubs/org/springframework/stereotype/Component.java | 5 | 5 |
| stubs/org/springframework/stereotype/Component.java | 6 | 6 |
| stubs/org/springframework/stereotype/Repository.java | 0 | 0 |
| stubs/org/springframework/stereotype/Repository.java | 3 | 3 |
| stubs/org/springframework/stereotype/Repository.java | 4 | 4 |
| stubs/org/springframework/stereotype/Repository.java | 5 | 5 |
| stubs/org/springframework/stereotype/Repository.java | 6 | 6 |
| stubs/org/springframework/stereotype/Service.java | 0 | 0 |
| stubs/org/springframework/stereotype/Service.java | 3 | 3 |
| stubs/org/springframework/stereotype/Service.java | 4 | 4 |
| stubs/org/springframework/stereotype/Service.java | 5 | 5 |
| stubs/org/springframework/stereotype/Service.java | 6 | 6 |
| stubs/org/springframework/transaction/annotation/Propagation.java | 0 | 0 |
| stubs/org/springframework/transaction/annotation/Transactional.java | 0 | 0 |
| stubs/org/springframework/transaction/annotation/Transactional.java | 3 | 3 |
| stubs/org/springframework/transaction/annotation/Transactional.java | 4 | 4 |
| stubs/org/springframework/transaction/annotation/Transactional.java | 5 | 5 |
| stubs/org/springframework/transaction/annotation/Transactional.java | 6 | 6 |
| stubs/org/springframework/web/bind/annotation/Controller.java | 0 | 0 |
| stubs/org/springframework/web/bind/annotation/Controller.java | 3 | 3 |
| stubs/org/springframework/web/bind/annotation/Controller.java | 4 | 4 |
| stubs/org/springframework/web/bind/annotation/Controller.java | 5 | 5 |
| stubs/org/springframework/web/bind/annotation/Controller.java | 6 | 6 |
| stubs/org/springframework/web/bind/annotation/ControllerAdvice.java | 0 | 0 |
| stubs/org/springframework/web/bind/annotation/ControllerAdvice.java | 3 | 3 |
| stubs/org/springframework/web/bind/annotation/ControllerAdvice.java | 4 | 4 |
| stubs/org/springframework/web/bind/annotation/ControllerAdvice.java | 5 | 5 |
| stubs/org/springframework/web/bind/annotation/ControllerAdvice.java | 6 | 6 |
| stubs/org/springframework/web/bind/annotation/DeleteMapping.java | 0 | 0 |
| stubs/org/springframework/web/bind/annotation/DeleteMapping.java | 3 | 3 |
| stubs/org/springframework/web/bind/annotation/DeleteMapping.java | 4 | 4 |
| stubs/org/springframework/web/bind/annotation/DeleteMapping.java | 5 | 5 |
| stubs/org/springframework/web/bind/annotation/DeleteMapping.java | 6 | 6 |
| stubs/org/springframework/web/bind/annotation/ExceptionHandler.java | 0 | 0 |
| stubs/org/springframework/web/bind/annotation/ExceptionHandler.java | 3 | 3 |
| stubs/org/springframework/web/bind/annotation/ExceptionHandler.java | 4 | 4 |
| stubs/org/springframework/web/bind/annotation/ExceptionHandler.java | 5 | 5 |
| stubs/org/springframework/web/bind/annotation/ExceptionHandler.java | 6 | 6 |
| stubs/org/springframework/web/bind/annotation/GetMapping.java | 0 | 0 |
| stubs/org/springframework/web/bind/annotation/GetMapping.java | 3 | 3 |
| stubs/org/springframework/web/bind/annotation/GetMapping.java | 4 | 4 |
| stubs/org/springframework/web/bind/annotation/GetMapping.java | 5 | 5 |
| stubs/org/springframework/web/bind/annotation/GetMapping.java | 6 | 6 |
| stubs/org/springframework/web/bind/annotation/PatchMapping.java | 0 | 0 |
| stubs/org/springframework/web/bind/annotation/PatchMapping.java | 3 | 3 |
| stubs/org/springframework/web/bind/annotation/PatchMapping.java | 4 | 4 |
| stubs/org/springframework/web/bind/annotation/PatchMapping.java | 5 | 5 |
| stubs/org/springframework/web/bind/annotation/PatchMapping.java | 6 | 6 |
| stubs/org/springframework/web/bind/annotation/PathVariable.java | 0 | 0 |
| stubs/org/springframework/web/bind/annotation/PathVariable.java | 3 | 3 |
| stubs/org/springframework/web/bind/annotation/PathVariable.java | 4 | 4 |
| stubs/org/springframework/web/bind/annotation/PathVariable.java | 5 | 5 |
| stubs/org/springframework/web/bind/annotation/PathVariable.java | 6 | 6 |
| stubs/org/springframework/web/bind/annotation/PostMapping.java | 0 | 0 |
| stubs/org/springframework/web/bind/annotation/PostMapping.java | 3 | 3 |
| stubs/org/springframework/web/bind/annotation/PostMapping.java | 4 | 4 |
| stubs/org/springframework/web/bind/annotation/PostMapping.java | 5 | 5 |
| stubs/org/springframework/web/bind/annotation/PostMapping.java | 6 | 6 |
| stubs/org/springframework/web/bind/annotation/PutMapping.java | 0 | 0 |
| stubs/org/springframework/web/bind/annotation/PutMapping.java | 3 | 3 |
| stubs/org/springframework/web/bind/annotation/PutMapping.java | 4 | 4 |
| stubs/org/springframework/web/bind/annotation/PutMapping.java | 5 | 5 |
| stubs/org/springframework/web/bind/annotation/PutMapping.java | 6 | 6 |
| stubs/org/springframework/web/bind/annotation/RequestBody.java | 0 | 0 |
| stubs/org/springframework/web/bind/annotation/RequestBody.java | 3 | 3 |
| stubs/org/springframework/web/bind/annotation/RequestBody.java | 4 | 4 |
| stubs/org/springframework/web/bind/annotation/RequestBody.java | 5 | 5 |
| stubs/org/springframework/web/bind/annotation/RequestBody.java | 6 | 6 |
| stubs/org/springframework/web/bind/annotation/RequestMapping.java | 0 | 0 |
| stubs/org/springframework/web/bind/annotation/RequestMapping.java | 3 | 3 |
| stubs/org/springframework/web/bind/annotation/RequestMapping.java | 4 | 4 |
| stubs/org/springframework/web/bind/annotation/RequestMapping.java | 5 | 5 |
| stubs/org/springframework/web/bind/annotation/RequestMapping.java | 6 | 6 |
| stubs/org/springframework/web/bind/annotation/RequestMethod.java | 0 | 0 |
| stubs/org/springframework/web/bind/annotation/RequestParam.java | 0 | 0 |
| stubs/org/springframework/web/bind/annotation/RequestParam.java | 3 | 3 |
| stubs/org/springframework/web/bind/annotation/RequestParam.java | 4 | 4 |
| stubs/org/springframework/web/bind/annotation/RequestParam.java | 5 | 5 |
| stubs/org/springframework/web/bind/annotation/RequestParam.java | 6 | 6 |
| stubs/org/springframework/web/bind/annotation/ResponseStatus.java | 0 | 0 |
| stubs/org/springframework/web/bind/annotation/ResponseStatus.java | 3 | 3 |
| stubs/org/springframework/web/bind/annotation/ResponseStatus.java | 4 | 4 |
| stubs/org/springframework/web/bind/annotation/ResponseStatus.java | 5 | 5 |
| stubs/org/springframework/web/bind/annotation/ResponseStatus.java | 6 | 6 |
| stubs/org/springframework/web/bind/annotation/RestController.java | 0 | 0 |
| stubs/org/springframework/web/bind/annotation/RestController.java | 3 | 3 |
| stubs/org/springframework/web/bind/annotation/RestController.java | 4 | 4 |
| stubs/org/springframework/web/bind/annotation/RestController.java | 5 | 5 |
| stubs/org/springframework/web/bind/annotation/RestController.java | 6 | 6 |
| stubs/org/springframework/web/bind/annotation/RestControllerAdvice.java | 0 | 0 |
| stubs/org/springframework/web/bind/annotation/RestControllerAdvice.java | 3 | 3 |
| stubs/org/springframework/web/bind/annotation/RestControllerAdvice.java | 4 | 4 |
| stubs/org/springframework/web/bind/annotation/RestControllerAdvice.java | 5 | 5 |
| stubs/org/springframework/web/bind/annotation/RestControllerAdvice.java | 6 | 6 |
| stubs/org/springframework/web/client/RestClient.java | 0 | 0 |
| stubs/org/springframework/web/client/RestTemplate.java | 0 | 0 |
| stubs/org/springframework/web/reactive/function/client/WebClient.java | 0 | 0 |
| stubs/org/springframework/web/server/ResponseStatusException.java | 0 | 0 |
| stubs/org/springframework/web/service/annotation/GetExchange.java | 0 | 0 |
| stubs/org/springframework/web/service/annotation/GetExchange.java | 3 | 3 |
| stubs/org/springframework/web/service/annotation/GetExchange.java | 4 | 4 |
| stubs/org/springframework/web/service/annotation/GetExchange.java | 5 | 5 |
| stubs/org/springframework/web/service/annotation/GetExchange.java | 6 | 6 |
| stubs/org/springframework/web/service/annotation/HttpExchange.java | 0 | 0 |
| stubs/org/springframework/web/service/annotation/HttpExchange.java | 3 | 3 |
| stubs/org/springframework/web/service/annotation/HttpExchange.java | 4 | 4 |
| stubs/org/springframework/web/service/annotation/HttpExchange.java | 5 | 5 |
| stubs/org/springframework/web/service/annotation/HttpExchange.java | 6 | 6 |
| stubs/org/springframework/web/service/annotation/PostExchange.java | 0 | 0 |
| stubs/org/springframework/web/service/annotation/PostExchange.java | 3 | 3 |
| stubs/org/springframework/web/service/annotation/PostExchange.java | 4 | 4 |
| stubs/org/springframework/web/service/annotation/PostExchange.java | 5 | 5 |
| stubs/org/springframework/web/service/annotation/PostExchange.java | 6 | 6 |
| stubs/org/springframework/web/service/invoker/HttpServiceProxyFactory.java | 0 | 0 |
| stubs/reactor/core/publisher/Mono.java | 0 | 0 |
